// Jest Snapshot v1, https://goo.gl/fbAQLP

exports[`changes the class when hovered 1`] = `
<div
  className="sc-bcHOAp cXKkBF"
>
  <CardManagement />
  <CardsWrapper />
</div>
`;
